[backblue.gif]
[fade.gif]
[index.html]
[www.growsmart.co.in/media/images/logo.png]
[www.growsmart.co.in/ThePrudentTheme/Upload _To_Tenent/Pdf/TranSlip.pdf]
[www.growsmart.co.in/ThePrudentTheme/Upload _To_Tenent/Pdf/CKYC_App_Form.pdf]
[www.growsmart.co.in/ThePrudentTheme/Upload _To_Tenent/Pdf/Physicalnachmandate.pdf]
[ajax.googleapis.com/ajax/libs/jquery/3.6.1/jquery.min.js]
[www.growsmart.co.in/media/images/home/slider1.jpg]
[www.growsmart.co.in/media/images/home/slider2.jpg]
[www.growsmart.co.in/media/images/home/slider3.jpg]
[www.growsmart.co.in/media/images/home/about22.jpg]
[www.growsmart.co.in/media/images/home/sip-wealth-creation.jpg]
[www.growsmart.co.in/media/images/home/child-education.jpg]
[www.growsmart.co.in/media/images/home/child-marriage.jpg]
[www.growsmart.co.in/media/images/home/retirement-plan.jpg]
[www.growsmart.co.in/media/images/home/dream-vacation-plan.jpg]
[www.growsmart.co.in/media/images/home/dream-house-plan.jpg]
[www.growsmart.co.in/media/images/home/amitraj.jpg]
[www.growsmart.co.in/media/images/home/karthick.jpg]
[www.growsmart.co.in/media/images/home/murali.jpg]
[www.growsmart.co.in/ThePrudentTheme/js/jquery-1.9.1.min.js]
[www.growsmart.co.in/ThePrudentTheme/js/c1721a3de1.js]
[www.growsmart.co.in/ThePrudentTheme/js/compressed.js]
[www.growsmart.co.in/ThePrudentTheme/js/owl.carousel.min.js]
[www.growsmart.co.in/ThePrudentTheme/js/custom.js]
[www.growsmart.co.in/ThePrudentTheme/js/custom1.js]
[www.growsmart.co.in/media/images/footer/ft-bg.png]
[www.growsmart.co.in/media/images/pru_it1.png]
[www.growsmart.co.in/ThePrudentTheme/vendor/jquery/jquery.min.js]
[www.growsmart.co.in/ThePrudentTheme/vendor/bootstrap/js/bootstrap.bundle.min.js]
[www.growsmart.co.in/ThePrudentTheme/vendor/jquery-easing/jquery.easing.min.js]
[www.growsmart.co.in/ThePrudentTheme/vendor/magnific-popup/jquery.magnific-popup.min.js]
[www.growsmart.co.in/ThePrudentTheme/testimonial/js/custom.js]
[www.growsmart.co.in/ThePrudentTheme/testimonial/js/owl.carousel.min.js]
[www.growsmart.co.in/ThePrudentTheme/slick/js/slick.min.js]
[www.growsmart.co.in/index.html]
[www.growsmart.co.in/media/favicon.html]
[www.growsmart.co.in/ThePrudentTheme/vendor/fontawesome-free/webfonts/fa-brands-400.eot]
[www.growsmart.co.in/ThePrudentTheme/vendor/fontawesome-free/webfonts/fa-brands-400d41d.eot]
[www.growsmart.co.in/ThePrudentTheme/vendor/fontawesome-free/webfonts/fa-brands-400.woff2]
[www.growsmart.co.in/ThePrudentTheme/vendor/fontawesome-free/webfonts/fa-brands-400.woff]
[www.growsmart.co.in/ThePrudentTheme/vendor/fontawesome-free/webfonts/fa-brands-400.ttf]
[www.growsmart.co.in/ThePrudentTheme/vendor/fontawesome-free/webfonts/fa-regular-400.eot]
[www.growsmart.co.in/ThePrudentTheme/vendor/fontawesome-free/webfonts/fa-regular-400d41d.eot]
[www.growsmart.co.in/ThePrudentTheme/vendor/fontawesome-free/webfonts/fa-regular-400.woff2]
[www.growsmart.co.in/ThePrudentTheme/vendor/fontawesome-free/webfonts/fa-regular-400.woff]
[www.growsmart.co.in/ThePrudentTheme/vendor/fontawesome-free/webfonts/fa-regular-400.ttf]
[www.growsmart.co.in/ThePrudentTheme/vendor/fontawesome-free/webfonts/fa-solid-900.eot]
[www.growsmart.co.in/ThePrudentTheme/vendor/fontawesome-free/webfonts/fa-solid-900d41d.eot]
[www.growsmart.co.in/ThePrudentTheme/vendor/fontawesome-free/webfonts/fa-solid-900.woff2]
[www.growsmart.co.in/ThePrudentTheme/vendor/fontawesome-free/webfonts/fa-solid-900.woff]
[www.growsmart.co.in/ThePrudentTheme/vendor/fontawesome-free/webfonts/fa-solid-900.ttf]
[www.growsmart.co.in/ThePrudentTheme/vendor/fontawesome-free/css/all.min.css]
[www.growsmart.co.in/ThePrudentTheme/vendor/magnific-popup/magnific-popup.css]
[www.growsmart.co.in/ThePrudentTheme/fonts/THICCCBOI-Regular.woff2]
[www.growsmart.co.in/ThePrudentTheme/fonts/THICCCBOI-Medium.woff2]
[www.growsmart.co.in/ThePrudentTheme/fonts/THICCCBOI-Bold.woff2]
[www.growsmart.co.in/ThePrudentTheme/css/theme.css]
[www.growsmart.co.in/ThePrudentTheme/css/bootstrap.css]
[www.growsmart.co.in/ThePrudentTheme/fonts/fontawesome-webfont5b62.eot]
[www.growsmart.co.in/ThePrudentTheme/fonts/fontawesome-webfontd41d.eot]
[www.growsmart.co.in/ThePrudentTheme/fonts/fontawesome-webfont5b62.woff2]
[www.growsmart.co.in/ThePrudentTheme/fonts/fontawesome-webfont5b62.woff]
[www.growsmart.co.in/ThePrudentTheme/fonts/fontawesome-webfont5b62.ttf]
[www.growsmart.co.in/ThePrudentTheme/css/font-awesome.css]
[www.growsmart.co.in/ThePrudentTheme/css/owl.carousel.min.css]
[www.growsmart.co.in/ThePrudentTheme/css/owl.carousel.css]
[www.growsmart.co.in/ThePrudentTheme/css/owl.transitions.css]
[www.growsmart.co.in/media/images/ft-bg.png]
[www.growsmart.co.in/media/css/site_customb519.css]
[www.growsmart.co.in/home.html]
[www.growsmart.co.in/media/images/about-us/rajeshrit.jpg]
[www.growsmart.co.in/media/images/about-us/anto_franklin.jpg]
[www.growsmart.co.in/media/images/about-us/kiruthikarajesh.jpg]
[www.growsmart.co.in/AboutPage.html]
[www.growsmart.co.in/media/images/investment-portfolio/investment-portfolio.jpg]
[www.growsmart.co.in/investment-portfolio.html]
[www.growsmart.co.in/media/images/insurance-portfolio/general_insurance_blur.jpg]
[www.growsmart.co.in/insurance-portfolio.html]
[www.growsmart.co.in/media/images/wealth-management/wealth-management.jpg]
[www.growsmart.co.in/wealth-management.html]
[www.growsmart.co.in/media/images/retirement-planning/retirement-_1.jpg]
[www.growsmart.co.in/retirement-planning.html]
[www.growsmart.co.in/media/images/tax-fundamental/tax-fundamental.jpg]
[www.growsmart.co.in/tax-fundamental.html]
[www.growsmart.co.in/media/images/mutual-fund/mutual-fund.jpg]
[www.growsmart.co.in/mutual-fund.html]
[www.growsmart.co.in/media/images/general-insurance/general-insurance.jpg]
[www.growsmart.co.in/general-insurance.html]
[www.growsmart.co.in/media/images/loans/loans.jpg]
[www.growsmart.co.in/loans.html]
[www.growsmart.co.in/media/images/equity/unlisted-equities.jpg]
[www.growsmart.co.in/equity.html]
[www.growsmart.co.in/media/images/pms/portfolio-management-service.jpg]
[www.growsmart.co.in/pms.html]
[www.growsmart.co.in/media/images/structured-products/structure-products.jpg]
[www.growsmart.co.in/structured-products.html]
[www.growsmart.co.in/media/images/aif/alternative-investment-fund.jpg]
[www.growsmart.co.in/aif.html]
[www.growsmart.co.in/liquiloans.html]
[www.growsmart.co.in/educational-video.html]
[www.growsmart.co.in/calculator.html]
[www.growsmart.co.in/contact-us.html]
[www.growsmart.co.in/media/images/login/reg.png]
[www.growsmart.co.in/media/images/login/policy.png]
[www.growsmart.co.in/media/images/login/non-reg.png]
[www.growsmart.co.in/media/images/login/client.png]
[www.growsmart.co.in/loginpage.html]
[www.growsmart.co.in/images/fevicon.html]
[www.growsmart.co.in/Home-2.html]
[www.growsmart.co.in/login-page.html]
[www.growsmart.co.in/ThePrudentTheme/vendor/fontawesome-free/webfonts/fa-brands-400.svg]
[www.growsmart.co.in/ThePrudentTheme/vendor/fontawesome-free/webfonts/fa-regular-400.svg]
[www.growsmart.co.in/ThePrudentTheme/vendor/fontawesome-free/webfonts/fa-solid-900.svg]
[www.growsmart.co.in/ThePrudentTheme/fonts/thicccboi/THICCCBOI-Regular.html]
[www.growsmart.co.in/ThePrudentTheme/fonts/thicccboi/THICCCBOI-Medium.html]
[www.growsmart.co.in/ThePrudentTheme/fonts/thicccboi/THICCCBOI-Bold.html]
[www.growsmart.co.in/TheCreativeTheme/images/footer/ft-bg.html]
[www.growsmart.co.in/ThePrudentTheme/images/img-3.html]
[www.growsmart.co.in/ThePrudentTheme/fonts/fontawesome-webfont5b62.svg]
[www.growsmart.co.in/ThePrudentTheme/css/owl.video.play.html]
[www.growsmart.co.in/ThePrudentTheme/css/AjaxLoader.html]
[www.growsmart.co.in/media/fonts/THICCCBOI-Regular.html]
[www.growsmart.co.in/media/fonts/thicccboi/THICCCBOI-Regular.html]
[www.growsmart.co.in/media/fonts/THICCCBOI-Medium.html]
[www.growsmart.co.in/media/fonts/thicccboi/THICCCBOI-Medium.html]
[www.growsmart.co.in/media/fonts/THICCCBOI-Bold.html]
[www.growsmart.co.in/media/fonts/thicccboi/THICCCBOI-Bold.html]
[www.growsmart.co.in/media/images/img-3.html]
[www.growsmart.co.in/index-2.html]
[code.jquery.com/mobile/1.4.1/jquery.mobile.structure-1.4.1.css]
[www.growsmart.co.in/child-education.html]
[www.growsmart.co.in/child-wedding.html]
[www.growsmart.co.in/dreamhouse.html]
[www.growsmart.co.in/dream-car.html]
[www.growsmart.co.in/dream-vacation.html]
[www.growsmart.co.in/retirement.html]
[code.jquery.com/jquery-1.10.2.min.js]
[www.growsmart.co.in/sip.html]
[maxcdn.bootstrapcdn.com/bootstrap/3.4.1/css/bootstrap.min.css]
[www.growsmart.co.in/custom-gaol.html]
[www.growsmart.co.in/[FBCustomezedLink].html]
[www.growsmart.co.in/[ClintDeskCustomezedLink].html]
[maxcdn.bootstrapcdn.com/bootstrap/3.4.1/css/bootstrap.min.css]
[code.jquery.com/mobile/1.4.1/jquery.mobile-1.4.1.min.js]
[code.jquery.com/mobile/1.4.1/jquery.mobile.structure-1.4.1.css]
